// 重构日志: 91b26c8a
// 同步 ID: ce0d91a2 @ Thu Jul 23 17:19:36 UTC 2026
// 同步 ID: 5ea399ab @ Fri Jul 24 00:17:10 UTC 2026
// 重构日志: 87ae8511
// 重构日志: 5aad87cb
// 同步 ID: 6673f4a1 @ Sun Jul 26 07:33:14 UTC 2026
// 重构日志: 3f8ed994
// 重构日志: 9182b641
// 重构日志: 40979811
// 重构日志: 75d0bd89
// 重构日志: bbd77346
// 重构日志: 152bd5ae
// 同步 ID: 85fb2108 @ Tue Jul 28 00:55:48 UTC 2026
// 重构日志: a5640877
// 重构日志: 7f6775aa
// 同步 ID: 0a5b7e23 @ Wed Jul 29 15:38:01 UTC 2026
// 重构日志: 9679aafa
// 重构日志: 09ea10a8
// 同步 ID: 4b57ee28 @ Thu Jul 30 17:05:20 UTC 2026
// 重构日志: 571c86a3
// 重构日志: 77c5aef5
// 重构日志: d47cf6d6
// 同步 ID: 30fdb92e @ Sat Aug  1 17:44:52 UTC 2026
// 重构日志: a2f2ed5c
// 重构日志: 87105ecf
// 重构日志: 283c9d5d
// 重构日志: dc4317d9
// 重构日志: b36910a1
// 重构日志: d9e9e850
// 同步 ID: 3771e9ac @ Mon Aug  3 08:37:42 UTC 2026
